
[1m[46m RUN [49m[22m [36mv4.0.18 [39m[90mC:/Users/abdou/Desktop/Life-at-Daust-Store[39m

 [32mΓ£ô[39m src/components/ui/Button.test.jsx[2m > [22mButton Component[2m > [22mrenders with children text[32m 42[2mms[22m[39m
 [32mΓ£ô[39m src/components/ui/LoadingSpinner.test.jsx[2m > [22mLoadingSpinner Component[2m > [22mrenders loading spinner[32m 205[2mms[22m[39m
 [32mΓ£ô[39m src/components/ui/LoadingSpinner.test.jsx[2m > [22mLoadingSpinner Component[2m > [22mapplies default medium size[32m 6[2mms[22m[39m
 [32mΓ£ô[39m src/components/ui/LoadingSpinner.test.jsx[2m > [22mLoadingSpinner Component[2m > [22mapplies small size when specified[32m 3[2mms[22m[39m
 [32mΓ£ô[39m src/components/ui/LoadingSpinner.test.jsx[2m > [22mLoadingSpinner Component[2m > [22mapplies large size when specified[32m 2[2mms[22m[39m
 [32mΓ£ô[39m src/components/ui/LoadingSpinner.test.jsx[2m > [22mLoadingSpinner Component[2m > [22mapplies extra large size when specified[32m 2[2mms[22m[39m
 [32mΓ£ô[39m src/components/ui/LoadingSpinner.test.jsx[2m > [22mLoadingSpinner Component[2m > [22mapplies custom className[32m 2[2mms[22m[39m
 [32mΓ£ô[39m src/components/ui/LoadingSpinner.test.jsx[2m > [22mLoadingSpinner Component[2m > [22mhas spinning animation[32m 2[2mms[22m[39m
 [32mΓ£ô[39m src/components/ui/Button.test.jsx[2m > [22mButton Component[2m > [22mcalls onClick handler when clicked[32m 209[2mms[22m[39m
 [32mΓ£ô[39m src/components/ui/Button.test.jsx[2m > [22mButton Component[2m > [22mshows loading state and disables button[32m 25[2mms[22m[39m
 [32mΓ£ô[39m src/components/ui/Button.test.jsx[2m > [22mButton Component[2m > [22mapplies primary variant styles by default[32m 9[2mms[22m[39m
 [32mΓ£ô[39m src/components/ui/Button.test.jsx[2m > [22mButton Component[2m > [22mapplies secondary variant styles[32m 12[2mms[22m[39m
 [32mΓ£ô[39m src/components/ui/Button.test.jsx[2m > [22mButton Component[2m > [22mapplies different sizes[32m 17[2mms[22m[39m
 [32mΓ£ô[39m src/components/ui/Button.test.jsx[2m > [22mButton Component[2m > [22mdisables button when disabled prop is true[32m 6[2mms[22m[39m
 [32mΓ£ô[39m src/components/ui/Button.test.jsx[2m > [22mButton Component[2m > [22mapplies uppercase text transform by default[32m 10[2mms[22m[39m
 [32mΓ£ô[39m src/components/ui/Button.test.jsx[2m > [22mButton Component[2m > [22mremoves uppercase when uppercase prop is false[32m 10[2mms[22m[39m
 [32mΓ£ô[39m src/components/Newsletter.test.jsx[2m > [22mNewsletter Component[2m > [22mrenders newsletter signup form[32m 59[2mms[22m[39m
 [31m├ù[39m src/components/ProductCard.test.jsx[2m > [22mProductCard Component[2m > [22mrenders product information correctly[32m 88[2mms[22m[39m
[31m   ΓåÆ Unable to find an element with the text: $29.99. This could be because the text is broken up by multiple elements. In this case, you can provide a function for your text matcher to make your matcher more flexible.

Ignored nodes: comments, script, style
[36m<body>[31m
  [36m<div>[31m
    [36m<div[31m
      [33mclass[31m=[32m"product-card group relative bg-white rounded-xl overflow-hidden premium-shadow transition-all duration-500"[31m
    [36m>[31m
      [36m<div[31m
        [33mclass[31m=[32m"relative aspect-[3/4] overflow-hidden bg-gray-100"[31m
      [36m>[31m
        [36m<a[31m
          [33mclass[31m=[32m"block w-full h-full"[31m
          [33mdata-discover[31m=[32m"true"[31m
          [33mhref[31m=[32m"/product/1"[31m
        [36m>[31m
          [36m<img[31m
            [33malt[31m=[32m"DAUST Water Bottle"[31m
            [33mclass[31m=[32m"w-full h-full object-cover transition-transform duration-700 ease-out scale-100"[31m
            [33mloading[31m=[32m"lazy"[31m
            [33msrc[31m=[32m"/test-image.jpg"[31m
          [36m/>[31m
        [36m</a>[31m
        [36m<button[31m
          [33maria-label[31m=[32m"Add to Wishlist"[31m
          [33mclass[31m=[32m"absolute top-4 right-4 p-2.5 rounded-full glass-morphism text-brand-navy hover:text-red-500 transition-colors duration-300 z-10 interactive-scale"[31m
        [36m>[31m
          [36m<svg[31m
            [33maria-hidden[31m=[32m"true"[31m
            [33mclass[31m=[32m"lucide lucide-heart h-5 w-5"[31m
            [33mfill[31m=[32m"none"[31m
            [33mheight[31m=[32m"24"[31m
            [33mstroke[31m=[32m"currentColor"[31m
            [33mstroke-linecap[31m=[32m"round"[31m
            [33mstroke-linejoin[31m=[32m"round"[31m
            [33mstroke-width[31m=[32m"2"[31m
            [33mviewBox[31m=[32m"0 0 24 24"[31m
            [33mwidth[31m=[32m"24"[31m
            [33mxmlns[31m=[32m"http://www.w3.org/2000/svg"[31m
          [36m>[31m
            [36m<path[31m
              [33md[31m=[32m"M2 9.5a5.5 5.5 0 0 1 9.591-3.676.56.56 0 0 0 .818 0A5.49 5.49 0 0 1 22 9.5c0 2.29-1.5 4-3 5.5l-5.492 5.313a2 2 0 0 1-3 .019L5 15c-1.5-1.5-3-3.2-3-5.5"[31m
            [36m/>[31m
          [36m</svg>[31m
        [36m</button>[31m
        [36m<div[31m
          [33mclass[31m=[32m"absolute inset-x-0 bottom-0 p-4 transition-all duration-300 translate-y-full group-hover:translate-y-0 hidden lg:block bg-gradient-to-t from-black/20 to-transparent z-20"[31m
        [36m>[31m
          [36m<button[31m
            [33mclass[31m=[32m"inline-flex items-center justify-center font-semibold transition-all duration-300 active:scale-[0.97] disabled:opacity-50 disabled:pointer-events-none rounded-xl cursor-pointer bg-transparent text-gray-600 hover:bg-gray-50 px-4 h-10 text-xs gap-2 uppercase tracking-wider font-bold w-full glass-morphism border-none text-brand-navy font-black transition-all duration-300 shadow-lg"[31m
          [36m>[31m
            [36m<svg[31m
              [33maria-hidden[31m=[32m"true"[31m
              [33mclass[31m=[32m"lucide lucide-shopping-cart h-4 w-4 mr-2"[31m
              [33mfill[31m=[32m"none"[31m
              [33mheight[31m=[32m"24"[31m
              [33mstroke[31m=[32m"currentColor"[31m
              [33mstroke-linecap[31m=[32m"round"[31m
              [33mstroke-linejoin[31m=[32m"round"[31m
              [33mstroke-width[31m=[32m"2"[31m
              [33mviewBox[31m=[32m"0 0 24 24"[31m
              [33mwidth[31m=[32m"24"[31m
              [33mxmlns[31m=[32m"http://www.w3.org/2000/svg"[31m
            [36m>[31m
              [36m<circle[31m
                [33mcx[31m=[32m"8"[31m
                [33mcy[31m=[32m"21"[31m
                [33mr[31m=[32m"1"[31m
              [36m/>[31m
              [36m<circle[31m
                [33mcx[31m=[32m"19"[31m
                [33mcy[31m=[32m"21"[31m
                [33mr[31m=[32m"1"[31m
              [36m/>[31m
              [36m<path[31m
                [33md[31m=[32m"M2.05 2.05h2l2.66 12.42a2 2 0 0 0 2 1.58h9.78a2 2 0 0 0 1.95-1.57l1.65-7.43H5.12"[31m
              [36m/>[31m
            [36m</svg>[31m
            [0mQuick Add[0m
          [36m</button>[31m
        [36m</div>[31m
      [36m</div>[31m
      [36m<div[31m
        [33mclass[31m=[32m"p-5"[31m
      [36m>[31m
        [36m<div[31m
          [33mclass[31m=[32m"flex justify-between items-start mb-2"[31m
        [36m>[31m
          [36m<a[31m
            [33mclass[31m=[32m"block flex-1 mr-2"[31m
            [33mdata-discover[31m=[32m"true"[31m
            [33mhref[31m=[32m"/product/1"[31m
          [36m>[31m
            [36m<h3[31m
              [33mclass[31m=[32m"text-sm font-bold text-gray-900 line-clamp-1 group-hover:text-brand-orange transition-colors duration-300 tracking-tight"[31m
            [36m>[31m
              [0mDAUST Water Bottle[0m
            [36m</h3>[31m
            [36m<p[31m
              [33mclass[31m=[32m"text-xs text-gray-500 mt-0.5"[31m
            [36m>[31m
              [0mAccessories[0m
            [36m</p>[31m
          [36m</a>[31m
          [36m<div[31m
            [33mclass[31m=[32m"flex items-center bg-gray-50 px-2 py-1 rounded-md"[31m
          [36m>[31m
            [36m<svg[31m
              [33maria-hidden[31m=[32m"true"[31m
              [33mclass[31m=[32m"lucide lucide-star h-3 w-3 text-yellow-400 fill-current"[31m
              [33mfill[31m=[32m"none"[31m
              [33mheight[31m=[32m"24"[31m
              [33mstroke[31m=[32m"currentColor"[31m
              [33mstroke-linecap[31m=[32m"round"[31m
              [33mstroke-linejoin[31m=[32m"round"[31m
              [33mstroke-width[31m=[32m"2"[31m
              [33mviewBox[31m=[32m"0 0 24 24"[31m
              [33mwidth[31m=[32m"24"[31m
              [33mxmlns[31m=[32m"http://www.w3.org/2000/svg"[31m
            [36m>[31m
              [36m<path[31m
                [33md[31m=[32m"M11.525 2.295a.53.53 0 0 1 .95 0l2.31 4.679a2.123 2.123 0 0 0 1.595 1.16l5.166.756a.53.53 0 0 1 .294.904l-3.736 3.638a2.123 2.123 0 0 0-.611 1.878l.882 5.14a.53.53 0 0 1-.771.56l-4.618-2.428a2.122 2.122 0 0 0-1.973 0L6.396 21.01a.53.53 0 0 1-.77-.56l.881-5.139a2.122 2.122 0 0 0-.611-1.879L2.16 9.795a.53.53 0 0 1 .294-.906l5.165-.755a2.122 2.122 0 0 0 1.597-1.16z"[31m
              [36m/>[31m
            [36m</svg>[31m
            [36m<span[31m
              [33mclass[31m=[32m"text-[10px] font-bold text-gray-700 ml-1"[31m
            [36m>[31m
              [0m4.5[0m
            [36m</span>[31m
          [36m</div>[31m
        [36m</div>[31m
        [36m<div[31m
          [33mclass[31m=[32m"flex items-center justify-between mt-4"[31m
        [36m>[31m
          [36m<p[31m
            [33mclass[31m=[32m"text-lg font-extrabold text-brand-navy tracking-tight"[31m
          [36m>[31m
            [0m30 CFA[0m
          [36m</p>[31m
          [36m<button[31m
            [33maria-label[31m=[32m"Add to Cart"[31m
            [33mclass[31m=[32m"lg:hidden p-2 rounded-lg bg-gray-100 text-brand-navy active:bg-brand-navy active:text-white transition-all duration-200"[31m
          [36m>[31m
            [36m<svg[31m
              [33maria-hidden[31m=[32m"true"[31m
              [33mclass[31m=[32m"lucide lucide-shopping-cart h-5 w-5"[31m
              [33mfill[31m=[32m"none"[31m
              [33mheight[31m=[32m"24"[31m
              [33mstroke[31m=[32m"currentColor"[31m
              [33mstroke-linecap[31m=[32m"round"[31m
              [33mstroke-linejoin[31m=[32m"round"[31m
              [33mstroke-width[31m=[32m"2"[31m
              [33mviewBox[31m=[32m"0 0 24 24"[31m
              [33mwidth[31m=[32m"24"[31m
              [33mxmlns[31m=[32m"http://www.w3.org/2000/svg"[31m
            [36m>[31m
              [36m<circle[31m
                [33mcx[31m=[32m"8"[31m
                [33mcy[31m=[32m"21"[31m
                [33mr[31m=[32m"1"[31m
              [36m/>[31m
              [36m<circle[31m
                [33mcx[31m=[32m"19"[31m
                [33mcy[31m=[32m"21"[31m
                [33mr[31m=[32m"1"[31m
              [36m/>[31m
              [36m<path[31m
                [33md[31m=[32m"M2.05 2.05h2l2.66 12.42a2 2 0 0 0 2 1.58h9.78a2 2 0 0 0 1.95-1.57l1.65-7.43H5.12"[31m
              [36m/>[31m
            [36m</svg>[31m
          [36m</button>[31m
        [36m</div>[31m
      [36m</div>[31m
    [36m</div>[31m
  [36m</div>[31m
[36m</body>[31m[39m
 [32mΓ£ô[39m src/components/ErrorBoundary.test.jsx[2m > [22mErrorBoundary Component[2m > [22mrenders children when there is no error[32m 35[2mms[22m[39m
 [32mΓ£ô[39m src/components/ProductCard.test.jsx[2m > [22mProductCard Component[2m > [22mdisplays product image with correct alt text[32m 164[2mms[22m[39m
 [32mΓ£ô[39m src/components/ProductCard.test.jsx[2m > [22mProductCard Component[2m > [22mlinks to product details page[32m 24[2mms[22m[39m
 [32mΓ£ô[39m src/components/ProductCard.test.jsx[2m > [22mProductCard Component[2m > [22mdisplays rating stars[32m 7[2mms[22m[39m
 [32mΓ£ô[39m src/components/ProductCard.test.jsx[2m > [22mProductCard Component[2m > [22mshows quick add button on desktop[32m 16[2mms[22m[39m
 [32mΓ£ô[39m src/components/ProductCard.test.jsx[2m > [22mProductCard Component[2m > [22mdisplays badge if product has one[32m 7[2mms[22m[39m
 [32mΓ£ô[39m src/components/ProductCard.test.jsx[2m > [22mProductCard Component[2m > [22mhandles products without colors or sizes[32m 6[2mms[22m[39m
 [32mΓ£ô[39m src/components/ErrorBoundary.test.jsx[2m > [22mErrorBoundary Component[2m > [22mrenders fallback UI when an error occurs[32m 203[2mms[22m[39m
 [32mΓ£ô[39m src/components/ErrorBoundary.test.jsx[2m > [22mErrorBoundary Component[2m > [22mshows error details in development mode[32m 15[2mms[22m[39m
 [32mΓ£ô[39m src/components/ErrorBoundary.test.jsx[2m > [22mErrorBoundary Component[2m > [22mcalls window.location.reload when refresh button is clicked[32m 69[2mms[22m[39m
 [32mΓ£ô[39m src/components/Newsletter.test.jsx[2m > [22mNewsletter Component[2m > [22mshows error for empty email submission[32m 204[2mms[22m[39m
 [32mΓ£ô[39m src/components/Newsletter.test.jsx[2m > [22mNewsletter Component[2m > [22mshows error for invalid email format[33m 323[2mms[22m[39m
node.exe : 
[90mstderr[2m | src
/test/integration/car
t.test.jsx[2m > 
[22m[2mCart & 
Checkout 
Integration[2m > 
[22m[2madds a 
product to the cart 
and verify it 
appears in the cart 
page
At line:1 char:1
+ & "C:\Program Files
\nodejs/node.exe" 
"C:\Program 
Files\nodejs/node_mo 
...
+ ~~~~~~~~~~~~~~~~~~~
~~~~~~~~~~~~~~~~~~~~~
~~~~~~~~~~~~~~~~~~~~~
~~~~~~~~
    + CategoryInfo   
           : NotSpe  
  cified: ([90mst   
 derr[2m...n the    
 cart page:Strin    
g) [], RemoteExc    
eption
    + FullyQualified 
   ErrorId : Native  
  CommandError
 
[22m[39mEach child 
in a list should 
have a unique "key" 
prop.

Check the render 
method of `Home`. 
See https://react.dev
/link/warning-keys 
for more information.

 [31m├ù[39m src/test/integration/cart.test.jsx[2m > [22mCart & Checkout Integration[2m > [22madds a product to the cart and verify it appears in the cart page[33m 633[2mms[22m[39m
[31m   ΓåÆ Unable to find an element with the text: /showing all products/i. This could be because the text is broken up by multiple elements. In this case, you can provide a function for your text matcher to make your matcher more flexible.

Ignored nodes: comments, script, style
[36m<body[31m
  [33mstyle[31m=[32m"overflow: unset;"[31m
[36m>[31m
  [36m<div>[31m
    [36m<div[31m
      [33mclass[31m=[32m"min-h-screen bg-white flex flex-col"[31m
    [36m>[31m
      [36m<nav[31m
        [33mclass[31m=[32m"h-[72px] sticky top-0 z-[100] flex items-center transition-all duration-500 bg-white/90 backdrop-blur-sm"[31m
      [36m>[31m
        [36m<div[31m
          [33mclass[31m=[32m"max-w-7xl mx-auto px-4 sm:px-6 lg:px-8 w-full"[31m
        [36m>[31m
          [36m<div[31m
            [33mclass[31m=[32m"flex justify-between items-center"[31m
          [36m>[31m
            [36m<a[31m
              [33mclass[31m=[32m"flex items-center gap-2.5 interactive-scale"[31m
              [33mdata-discover[31m=[32m"true"[31m
              [33mhref[31m=[32m"/"[31m
            [36m>[31m
              [36m<img[31m
                [33malt[31m=[32m"Life at DAUST"[31m
                [33mclass[31m=[32m"h-9 w-auto"[31m
                [33msrc[31m=[32m"/src/assets/logo.png"[31m
              [36m/>[31m
              [36m<span[31m
                [33mclass[31m=[32m"font-[800] text-lg text-brand-navy tracking-tight"[31m
              [36m>[31m
                [0mLife at DAUST[0m
              [36m</span>[31m
            [36m</a>[31m
            [36m<div[31m
              [33mclass[31m=[32m"hidden lg:flex items-center gap-1"[31m
            [36m>[31m
              [36m<a[31m
                [33maria-current[31m=[32m"page"[31m
                [33mclass[31m=[32m"px-3 py-2 text-[11px] font-bold uppercase tracking-[0.12em] transition-colors duration-300 text-brand-orange"[31m
                [33mdata-discover[31m=[32m"true"[31m
                [33mhref[31m=[32m"/shop"[31m
              [36m>[31m
                [0mShop[0m
              [36m</a>[31m
              [36m<div[31m
                [33mclass[31m=[32m"relative group dropdown"[31m
              [36m>[31m
                [36m<button[31m
                  [33mclass[31m=[32m"flex items-center gap-1.5 text-gray-700 hover:text-brand-orange transition-colors duration-300 px-3 py-2 text-[11px] font-bold uppercase tracking-[0.12em]"[31m
                [36m>[31m
                  [0mCollections[0m
                  [0m [0m
                  [36m<svg[31m
                    [33maria-hidden[31m=[32m"true"[31m
                    [33mclass[31m=[32m"lucide lucide-chevron-down group-hover:rotate-180 transition-transform duration-300"[31m
                    [33mfill[31m=[32m"none"[31m
                    [33mheight[31m=[32m"13"[31m
                    [33mstroke[31m=[32m"currentColor"[31m
                    [33mstroke-linecap[31m=[32m"round"[31m
                    [33mstroke-linejoin[31m=[32m"round"[31m
                    [33mstroke-width[31m=[32m"2"[31m
                    [33mviewBox[31m=[32m"0 0 24 24"[31m
                    [33mwidth[31m=[32m"13"[31m
                    [33mxmlns[31m=[32m"http://www.w3.org/2000/svg"[31m
                  [36m>[31m
                    [36m<path[31m
                      [33md[31m=[32m"m6 9 6 6 6-6"[31m
                    [36m/>[31m
                  [36m</svg>[31m
                [36m</button>[31m
                [36m<div[31m
                  [33mclass[31m=[32m"dropdown-menu absolute hidden pt-3 w-52 -left-2 z-50"[31m
                [36m>[31m
                  [36m<div[31m
                    [33mclass[31m=[32m"bg-white rounded-xl shadow-xl shadow-black/8 border border-gray-100/80 overflow-hidden py-1"[31m
                  [36m>[31m
                    [36m<a[31m
                      [33mclass[31m=[32m"block px-5 py-2.5 text-sm text-gray-600 hover:bg-gray-50 hover:text-brand-orange transition-colors"[31m
                      [33mdata-discover[31m=[32m"true"[31m
                      [33mhref[31m=[32m"/collections/undefined"[31m
                    [36m>[31m
                      [0mDAUST Water Bottle[0m
                    [36m</a>[31m
                    [36m<a[31m
                      [33mclass[31m=[32m"block px-5 py-2.5 text-sm text-gray-600 hover:bg-gray-50 hover:text-brand-orange transition-colors"[31m
                      [33mdata-discover[31m=[32m"true"[31m
                      [33mhref[31m=[32m"/collections/undefined"[31m
                    [36m>[31m
                      [0mDAUST Mug[0m
                    [36m</a>[31m
                    [36m<a[31m
                      [33mclass[31m=[32m"block px-5 py-2.5 text-sm text-gray-600 hover:bg-gray-50 hover:text-brand-orange transition-colors"[31m
                      [33mdata-discover[31m=[32m"true"[31m
                      [33mhref[31m=[32m"/collections/undefined"[31m
                    [36m>[31m
                      [0mDAUST Cap (Blue)[0m
                    [36m</a>[31m
                    [36m<a[31m
                      [33mclass[31m=[32m"block px-5 py-2.5 text-sm text-gray-600 hover:bg-gray-50 hover:text-brand-orange transition-colors"[31m
                      [33mdata-discover[31m=[32m"true"[31m
                      [33mhref[31m=[32m"/collections/undefined"[31m
                    [36m>[31m
                      [0mHoodie "Once/Always a DAUST innovator" (White)[0m
                    [36m</a>[31m
                    [36m<a[31m
                      [33mclass[31m=[32m"block px-5 py-2.5 text-sm text-gray-600 hover:bg-gray-50 hover:text-brand-orange transition-colors"[31m
                      [33mdata-discover[31m=[32m"true"[31m
                      [33mhref[31m=[32m"/collections/undefined"[31m
                    [36m>[31m
                      [0mHoodie "Proud Parent" (Grey)[0m
                    [36m</a>[31m
                    [36m<a[31m
                      [33mclass[31m=[32m"block px-5 py-2.5 text-sm text-gray-600 hover:bg-gray-50 hover:text-brand-orange transition-colors"[31m
                      [33mdata-discover[31m=[32m"true"[31m
                      [33mhref[31m=[32m"/collections/undefined"[31m
                    [36m>[31m
                      [0mHoodie "Proud Parent" (White)[0m
                    [36m</a>[31m
                    [36m<a[31m
                      [33mclass[31m=[32m"block px-5 py-2.5 text-sm text-gray-600 hover:bg-gray-50 hover:text-brand-orange transition-colors"[31m
                      [33mdata-discover[31m=[32m"true"[31m
                      [33mhref[31m=[32m"/collections/undefined"[31m
                    [36m>[31m
                      [0mHoodies "Once/Always a DAUST innovator" [0m
                    [36m</a>[31m
                    [36m<a[31m
                      [33mclass[31m=[32m"block px-5 py-2.5 text-sm text-gray-600 hover:bg-gray-50 hover:text-brand-orange transition-colors"[31m
                      [33mdata-disc...[39m
 [32mΓ£ô[39m src/test/integration/cart.test.jsx[2m > [22mCart & Checkout Integration[2m > [22mcan remove an item from the cart[33m 967[2mms[22m[39m
 [32mΓ£ô[39m src/components/Newsletter.test.jsx[2m > [22mNewsletter Component[2m > [22mshows success message on valid submission[33m 1848[2mms[22m[39m
 [32mΓ£ô[39m src/test/integration/cart.test.jsx[2m > [22mCart & Checkout Integration[2m > [22mproceeds to checkout from the cart[33m 816[2mms[22m[39m
 [32mΓ£ô[39m src/components/Newsletter.test.jsx[2m > [22mNewsletter Component[2m > [22mclears email input after successful submission[33m 1832[2mms[22m[39m
 [32mΓ£ô[39m src/components/Newsletter.test.jsx[2m > [22mNewsletter Component[2m > [22mdisables input and button during submission[33m 347[2mms[22m[39m

[31mΓÄ»ΓÄ»ΓÄ»ΓÄ»ΓÄ»Γ
Ä»ΓÄ»[39m[1m[41m 
Failed Tests 2 [49m
[22m[31mΓÄ»ΓÄ»ΓÄ»ΓÄ»
ΓÄ»ΓÄ»ΓÄ»[39m

[41m[1m FAIL 
[22m[49m src/compon
ents/ProductCard.test
.jsx[2m > 
[22mProductCard 
Component[2m > 
[22mrenders product 
information correctly
[31m[1mTestingLibra
ryElementError[22m[
39m: Unable to find 
an element with the 
text: $29.99. This 
could be because the 
text is broken up by 
multiple elements. 
In this case, you 
can provide a 
function for your 
text matcher to make 
your matcher more 
flexible.

Ignored nodes: 
comments, script, 
style
[36m<body>[39m
  [36m<div>[39m
    [36m<div[39m
      [33mclass[39m
=[32m"product-card 
group relative 
bg-white rounded-xl 
overflow-hidden 
premium-shadow 
transition-all 
duration-500"[39m
    [36m>[39m
      [36m<div[39m
        [33mclass[3
9m=[32m"relative 
aspect-[3/4] 
overflow-hidden 
bg-gray-100"[39m
      [36m>[39m
        [36m<a[39m
          [33mclass
[39m=[32m"block 
w-full h-full"[39m
          [33mdata-d
iscover[39m=[32m"tr
ue"[39m
          [33mhref[
39m=[32m"/product/1"
[39m
        [36m>[39m
          
[36m<img[39m
            [33malt
[39m=[32m"DAUST 
Water Bottle"[39m
            [33mclas
s[39m=[32m"w-full 
h-full object-cover 
transition-transform 
duration-700 
ease-out 
scale-100"[39m
            [33mload
ing[39m=[32m"lazy"
[39m
            [33msrc
[39m=[32m"/test-imag
e.jpg"[39m
          
[36m/>[39m
        
[36m</a>[39m
        
[36m<button[39m
          [33maria-l
abel[39m=[32m"Add 
to Wishlist"[39m
          [33mclass
[39m=[32m"absolute 
top-4 right-4 p-2.5 
rounded-full 
glass-morphism 
text-brand-navy 
hover:text-red-500 
transition-colors 
duration-300 z-10 int
eractive-scale"[39m
        [36m>[39m
          
[36m<svg[39m
            [33maria
-hidden[39m=[32m"tr
ue"[39m
            [33mclas
s[39m=[32m"lucide 
lucide-heart h-5 
w-5"[39m
            [33mfill
[39m=[32m"none"[39
m
            [33mheig
ht[39m=[32m"24"[39
m
            [33mstro
ke[39m=[32m"current
Color"[39m
            [33mstro
ke-linecap[39m=[32m
"round"[39m
            [33mstro
ke-linejoin[39m=[32
m"round"[39m
            [33mstro
ke-width[39m=[32m"2
"[39m
            [33mview
Box[39m=[32m"0 0 
24 24"[39m
            [33mwidt
h[39m=[32m"24"[39m
            [33mxmln
s[39m=[32m"http://w
ww.w3.org/2000/svg"[
39m
          [36m>[39m
            
[36m<path[39m
              
[33md[39m=[32m"M2 
9.5a5.5 5.5 0 0 1 
9.591-3.676.56.56 0 
0 0 .818 0A5.49 5.49 
0 0 1 22 9.5c0 
2.29-1.5 4-3 
5.5l-5.492 5.313a2 2 
0 0 1-3 .019L5 15c-1.
5-1.5-3-3.2-3-5.5"[3
9m
            
[36m/>[39m
          
[36m</svg>[39m
        
[36m</button>[39m
        
[36m<div[39m
          [33mclass
[39m=[32m"absolute 
inset-x-0 bottom-0 
p-4 transition-all 
duration-300 
translate-y-full grou
p-hover:translate-y-0
 hidden lg:block 
bg-gradient-to-t 
from-black/20 
to-transparent 
z-20"[39m
        [36m>[39m
          
[36m<button[39m
            [33mclas
s[39m=[32m"inline-f
lex items-center 
justify-center 
font-semibold 
transition-all 
duration-300 
active:scale-[0.97] 
disabled:opacity-50 d
isabled:pointer-event
s-none rounded-xl 
cursor-pointer 
bg-transparent 
text-gray-600 
hover:bg-gray-50 
px-4 h-10 text-xs 
gap-2 uppercase 
tracking-wider 
font-bold w-full 
glass-morphism 
border-none 
text-brand-navy 
font-black 
transition-all 
duration-300 
shadow-lg"[39m
          [36m>[39m
            
[36m<svg[39m
              [33mar
ia-hidden[39m=[32m"
true"[39m
              [33mcl
ass[39m=[32m"lucide
 
lucide-shopping-cart 
h-4 w-4 mr-2"[39m
              [33mfi
ll[39m=[32m"none"[
39m
              [33mhe
ight[39m=[32m"24"[
39m
              [33mst
roke[39m=[32m"curre
ntColor"[39m
              [33mst
roke-linecap[39m=[3
2m"round"[39m
              [33mst
roke-linejoin[39m=[
32m"round"[39m
              [33mst
roke-width[39m=[32m
"2"[39m
              [33mvi
ewBox[39m=[32m"0 0 
24 24"[39m
              [33mwi
dth[39m=[32m"24"[3
9m
              [33mxm
lns[39m=[32m"http:/
/www.w3.org/2000/svg"
[39m
            
[36m>[39m
              
[36m<circle[39m
                [33m
cx[39m=[32m"8"[39m
                [33m
cy[39m=[32m"21"[39
m
                [33m
r[39m=[32m"1"[39m
              
[36m/>[39m
              
[36m<circle[39m
                [33m
cx[39m=[32m"19"[39
m
                [33m
cy[39m=[32m"21"[39
m
                [33m
r[39m=[32m"1"[39m
              
[36m/>[39m
              
[36m<path[39m
                [33m
d[39m=[32m"M2.05 
2.05h2l2.66 12.42a2 
2 0 0 0 2 
1.58h9.78a2 2 0 0 0 1
.95-1.57l1.65-7.43H5.
12"[39m
              
[36m/>[39m
            
[36m</svg>[39m
            
[0mQuick Add[0m
          
[36m</button>[39m
        
[36m</div>[39m
      
[36m</div>[39m
      [36m<div[39m
        [33mclass[3
9m=[32m"p-5"[39m
      [36m>[39m
        
[36m<div[39m
          [33mclass
[39m=[32m"flex 
justify-between 
items-start 
mb-2"[39m
        [36m>[39m
          
[36m<a[39m
            [33mclas
s[39m=[32m"block 
flex-1 mr-2"[39m
            [33mdata
-discover[39m=[32m"
true"[39m
            [33mhref
[39m=[32m"/product/
1"[39m
          [36m>[39m
            
[36m<h3[39m
              [33mcl
ass[39m=[32m"text-s
m font-bold 
text-gray-900 
line-clamp-1 group-ho
ver:text-brand-orange
 transition-colors 
duration-300 
tracking-tight"[39m
            
[36m>[39m
              
[0mDAUST Water 
Bottle[0m
            
[36m</h3>[39m
            
[36m<p[39m
              [33mcl
ass[39m=[32m"text-x
s text-gray-500 
mt-0.5"[39m
            
[36m>[39m
              
[0mAccessories[0m
            
[36m</p>[39m
          
[36m</a>[39m
          
[36m<div[39m
            [33mclas
s[39m=[32m"flex 
items-center 
bg-gray-50 px-2 py-1 
rounded-md"[39m
          [36m>[39m
            
[36m<svg[39m
              [33mar
ia-hidden[39m=[32m"
true"[39m
              [33mcl
ass[39m=[32m"lucide
 lucide-star h-3 w-3 
text-yellow-400 
fill-current"[39m
              [33mfi
ll[39m=[32m"none"[
39m
              [33mhe
ight[39m=[32m"24"[
39m
              [33mst
roke[39m=[32m"curre
ntColor"[39m
              [33mst
roke-linecap[39m=[3
2m"round"[39m
              [33mst
roke-linejoin[39m=[
32m"round"[39m
              [33mst
roke-width[39m=[32m
"2"[39m
              [33mvi
ewBox[39m=[32m"0 0 
24 24"[39m
              [33mwi
dth[39m=[32m"24"[3
9m
              [33mxm
lns[39m=[32m"http:/
/www.w3.org/2000/svg"
[39m
            
[36m>[39m
              
[36m<path[39m
                [33m
d[39m=[32m"M11.525 
2.295a.53.53 0 0 1 
.95 0l2.31 
4.679a2.123 2.123 0 
0 0 1.595 1.16l5.166.
756a.53.53 0 0 1 
.294.904l-3.736 
3.638a2.123 2.123 0 
0 0-.611 1.878l.882 
5.14a.53.53 0 0 1-.77
1.56l-4.618-2.428a2.1
22 2.122 0 0 0-1.973 
0L6.396 21.01a.53.53 
0 0 1-.77-.56l.881-5.
139a2.122 2.122 0 0 
0-.611-1.879L2.16 
9.795a.53.53 0 0 1 .2
94-.906l5.165-.755a2.
122 2.122 0 0 0 
1.597-1.16z"[39m
              
[36m/>[39m
            
[36m</svg>[39m
            
[36m<span[39m
              [33mcl
ass[39m=[32m"text-[
10px] font-bold 
text-gray-700 
ml-1"[39m
            
[36m>[39m
              
[0m4.5[0m
            
[36m</span>[39m
          
[36m</div>[39m
        
[36m</div>[39m
        
[36m<div[39m
          [33mclass
[39m=[32m"flex 
items-center 
justify-between 
mt-4"[39m
        [36m>[39m
          
[36m<p[39m
            [33mclas
s[39m=[32m"text-lg 
font-extrabold 
text-brand-navy 
tracking-tight"[39m
          [36m>[39m
            [0m30 
CFA[0m
          
[36m</p>[39m
          
[36m<button[39m
            [33maria
-label[39m=[32m"Add
 to Cart"[39m
            [33mclas
s[39m=[32m"lg:hidde
n p-2 rounded-lg 
bg-gray-100 
text-brand-navy 
active:bg-brand-navy 
active:text-white 
transition-all 
duration-200"[39m
          [36m>[39m
            
[36m<svg[39m
              [33mar
ia-hidden[39m=[32m"
true"[39m
              [33mcl
ass[39m=[32m"lucide
 
lucide-shopping-cart 
h-5 w-5"[39m
              [33mfi
ll[39m=[32m"none"[
39m
              [33mhe
ight[39m=[32m"24"[
39m
              [33mst
roke[39m=[32m"curre
ntColor"[39m
              [33mst
roke-linecap[39m=[3
2m"round"[39m
              [33mst
roke-linejoin[39m=[
32m"round"[39m
              [33mst
roke-width[39m=[32m
"2"[39m
              [33mvi
ewBox[39m=[32m"0 0 
24 24"[39m
              [33mwi
dth[39m=[32m"24"[3
9m
              [33mxm
lns[39m=[32m"http:/
/www.w3.org/2000/svg"
[39m
            
[36m>[39m
              
[36m<circle[39m
                [33m
cx[39m=[32m"8"[39m
                [33m
cy[39m=[32m"21"[39
m
                [33m
r[39m=[32m"1"[39m
              
[36m/>[39m
              
[36m<circle[39m
                [33m
cx[39m=[32m"19"[39
m
                [33m
cy[39m=[32m"21"[39
m
                [33m
r[39m=[32m"1"[39m
              
[36m/>[39m
              
[36m<path[39m
                [33m
d[39m=[32m"M2.05 
2.05h2l2.66 12.42a2 
2 0 0 0 2 
1.58h9.78a2 2 0 0 0 1
.95-1.57l1.65-7.43H5.
12"[39m
              
[36m/>[39m
            
[36m</svg>[39m
          
[36m</button>[39m
        
[36m</div>[39m
      
[36m</div>[39m
    [36m</div>[39m
  [36m</div>[39m
[36m</body>[39m
[90m [2mΓ¥»[22m Ob
ject.getElementError 
node_modules/@testing
-library/dom/dist/con
fig.js:[2m37:19[22m
[39m
[90m [2mΓ¥»[22m no
de_modules/@testing-l
ibrary/dom/dist/query
-helpers.js:[2m76:38
[22m[39m
[90m [2mΓ¥»[22m no
de_modules/@testing-l
ibrary/dom/dist/query
-helpers.js:[2m52:17
[22m[39m
[90m [2mΓ¥»[22m no
de_modules/@testing-l
ibrary/dom/dist/query
-helpers.js:[2m95:19
[22m[39m
[36m [2mΓ¥»[22m sr
c/components/ProductC
ard.test.jsx:[2m23:2
3[22m[39m
    [90m 21| [39m
    [90m 22| [39m  
      expect(screen.g
etByText('DAUST 
Water Bottle')).toBeI
nTheDocumeΓÇª
    [90m 23| [39m  
      [34mexpect[39
m(screen[33m.[39m[
34mgetByText[39m([3
2m'$29.99'[39m))[33
m.[39m[34mtoBeInThe
Document[39m()[33m;
[39m
    [90m   | [39m  
                    
[31m^[39m
    [90m 24| [39m  
      [34mexpect[39
m(screen[33m.[39m[
34mgetByText[39m([3
2m'Accessories'[39m)
)[33m.[39m[34mtoBe
InTheDocument[39m()
[33m;[39m
    [90m 25| [39m  
  })[33m;[39m

[31m[2mΓÄ»ΓÄ»ΓÄ»ΓÄ»
ΓÄ»ΓÄ»ΓÄ»ΓÄ»ΓÄ»ΓÄ»ΓÄ»
ΓÄ»ΓÄ»ΓÄ»ΓÄ»ΓÄ»ΓÄ»ΓÄ»
ΓÄ»ΓÄ»ΓÄ»ΓÄ»ΓÄ»ΓÄ»[1/
2]ΓÄ»[22m[39m

[41m[1m FAIL 
[22m[49m src/test/i
ntegration/cart.test.
jsx[2m > [22mCart 
& Checkout 
Integration[2m > 
[22madds a product 
to the cart and 
verify it appears in 
the cart page
[31m[1mTestingLibra
ryElementError[22m[
39m: Unable to find 
an element with the 
text: /showing all 
products/i. This 
could be because the 
text is broken up by 
multiple elements. 
In this case, you 
can provide a 
function for your 
text matcher to make 
your matcher more 
flexible.

Ignored nodes: 
comments, script, 
style
[36m<body[39m
  [33mstyle[39m=[3
2m"overflow: 
unset;"[39m
[36m>[39m
  [36m<div>[39m
    [36m<div[39m
      [33mclass[39m
=[32m"min-h-screen 
bg-white flex 
flex-col"[39m
    [36m>[39m
      [36m<nav[39m
        [33mclass[3
9m=[32m"h-[72px] 
sticky top-0 z-[100] 
flex items-center 
transition-all 
duration-500 
bg-white/90 backdrop-
blur-sm"[39m
      [36m>[39m
        
[36m<div[39m
          [33mclass
[39m=[32m"max-w-7xl 
mx-auto px-4 sm:px-6 
lg:px-8 w-full"[39m
        [36m>[39m
          
[36m<div[39m
            [33mclas
s[39m=[32m"flex 
justify-between 
items-center"[39m
          [36m>[39m
            
[36m<a[39m
              [33mcl
ass[39m=[32m"flex 
items-center gap-2.5 
interactive-scale"[3
9m
              [33mda
ta-discover[39m=[32
m"true"[39m
              [33mhr
ef[39m=[32m"/"[39m
            
[36m>[39m
              
[36m<img[39m
                [33m
alt[39m=[32m"Life 
at DAUST"[39m
                [33m
class[39m=[32m"h-9 
w-auto"[39m
                [33m
src[39m=[32m"/src/a
ssets/logo.png"[39m
              
[36m/>[39m
              
[36m<span[39m
                [33m
class[39m=[32m"font
-[800] text-lg 
text-brand-navy 
tracking-tight"[39m
              
[36m>[39m
                
[0mLife at DAUST[0m
              
[36m</span>[39m
            
[36m</a>[39m
            
[36m<div[39m
              [33mcl
ass[39m=[32m"hidden
 lg:flex 
items-center 
gap-1"[39m
            
[36m>[39m
              
[36m<a[39m
                [33m
aria-current[39m=[3
2m"page"[39m
                [33m
class[39m=[32m"px-3
 py-2 text-[11px] 
font-bold uppercase 
tracking-[0.12em] 
transition-colors 
duration-300 text-bra
nd-orange"[39m
                [33m
data-discover[39m=[
32m"true"[39m
                [33m
href[39m=[32m"/shop
"[39m
              
[36m>[39m
                
[0mShop[0m
              
[36m</a>[39m
              
[36m<div[39m
                [33m
class[39m=[32m"rela
tive group 
dropdown"[39m
              
[36m>[39m
                
[36m<button[39m
                  [3
3mclass[39m=[32m"fl
ex items-center 
gap-1.5 
text-gray-700 hover:t
ext-brand-orange 
transition-colors 
duration-300 px-3 
py-2 text-[11px] 
font-bold uppercase t
racking-[0.12em]"[39
m
                
[36m>[39m
                  
[0mCollections[0m
                  
[0m [0m
                  
[36m<svg[39m
                    
[33maria-hidden[39m=
[32m"true"[39m
                    
[33mclass[39m=[32m"
lucide 
lucide-chevron-down g
roup-hover:rotate-180
 
transition-transform 
duration-300"[39m
                    
[33mfill[39m=[32m"n
one"[39m
                    
[33mheight[39m=[32m
"13"[39m
                    
[33mstroke[39m=[32m
"currentColor"[39m
                    
[33mstroke-linecap[3
9m=[32m"round"[39m
                    
[33mstroke-linejoin[
39m=[32m"round"[39m
                    
[33mstroke-width[39m
=[32m"2"[39m
                    
[33mviewBox[39m=[32
m"0 0 24 24"[39m
                    
[33mwidth[39m=[32m"
13"[39m
                    
[33mxmlns[39m=[32m"
http://www.w3.org/200
0/svg"[39m
                  
[36m>[39m
                    
[36m<path[39m
                     
 
[33md[39m=[32m"m6 
9 6 6 6-6"[39m
                    
[36m/>[39m
                  
[36m</svg>[39m
                
[36m</button>[39m
                
[36m<div[39m
                  [3
3mclass[39m=[32m"dr
opdown-menu absolute 
hidden pt-3 w-52 
-left-2 z-50"[39m
                
[36m>[39m
                  
[36m<div[39m
                    
[33mclass[39m=[32m"
bg-white rounded-xl 
shadow-xl 
shadow-black/8 
border 
border-gray-100/80 
overflow-hidden 
py-1"[39m
                  
[36m>[39m
                    
[36m<a[39m
                     
 [33mclass[39m=[32
m"block px-5 py-2.5 
text-sm 
text-gray-600 
hover:bg-gray-50 hove
r:text-brand-orange t
ransition-colors"[39
m
                     
 [33mdata-discover[
39m=[32m"true"[39m
                     
 [33mhref[39m=[32m
"/collections/undefin
ed"[39m
                    
[36m>[39m
                     
 [0mDAUST Water 
Bottle[0m
                    
[36m</a>[39m
                    
[36m<a[39m
                     
 [33mclass[39m=[32
m"block px-5 py-2.5 
text-sm 
text-gray-600 
hover:bg-gray-50 hove
r:text-brand-orange t
ransition-colors"[39
m
                     
 [33mdata-discover[
39m=[32m"true"[39m
                     
 [33mhref[39m=[32m
"/collections/undefin
ed"[39m
                    
[36m>[39m

[2m Test Files [22m [1m[31m2 failed[39m[22m[2m | [22m[1m[32m4 passed[39m[22m[90m (6)[39m
[2m      Tests [22m [1m[31m2 failed[39m[22m[2m | [22m[1m[32m34 passed[39m[22m[90m (36)[39m
[2m   Start at [22m 15:55:46
[2m   Duration [22m 12.75s[2m (transform 1.01s, setup 1.54s, import 2.12s, tests 8.25s, environment 6.31s)[22m

                     
 [0mDAUST Mug[0m
                    
[36m</a>[39m
                    
[36m<a[39m
                     
 [33mclass[39m=[32
m"block px-5 py-2.5 
text-sm 
text-gray-600 
hover:bg-gray-50 hove
r:text-brand-orange t
ransition-colors"[39
m
                     
 [33mdata-discover[
39m=[32m"true"[39m
                     
 [33mhref[39m=[32m
"/collections/undefin
ed"[39m
                    
[36m>[39m
                     
 [0mDAUST Cap 
(Blue)[0m
                    
[36m</a>[39m
                    
[36m<a[39m
                     
 [33mclass[39m=[32
m"block px-5 py-2.5 
text-sm 
text-gray-600 
hover:bg-gray-50 hove
r:text-brand-orange t
ransition-colors"[39
m
                     
 [33mdata-discover[
39m=[32m"true"[39m
                     
 [33mhref[39m=[32m
"/collections/undefin
ed"[39m
                    
[36m>[39m
                     
 [0mHoodie 
"Once/Always a DAUST 
innovator" 
(White)[0m
                    
[36m</a>[39m
                    
[36m<a[39m
                     
 [33mclass[39m=[32
m"block px-5 py-2.5 
text-sm 
text-gray-600 
hover:bg-gray-50 hove
r:text-brand-orange t
ransition-colors"[39
m
                     
 [33mdata-discover[
39m=[32m"true"[39m
                     
 [33mhref[39m=[32m
"/collections/undefin
ed"[39m
                    
[36m>[39m
                     
 [0mHoodie "Proud 
Parent" (Grey)[0m
                    
[36m</a>[39m
                    
[36m<a[39m
                     
 [33mclass[39m=[32
m"block px-5 py-2.5 
text-sm 
text-gray-600 
hover:bg-gray-50 hove
r:text-brand-orange t
ransition-colors"[39
m
                     
 [33mdata-discover[
39m=[32m"true"[39m
                     
 [33mhref[39m=[32m
"/collections/undefin
ed"[39m
                    
[36m>[39m
                     
 [0mHoodie "Proud 
Parent" (White)[0m
                    
[36m</a>[39m
                    
[36m<a[39m
                     
 [33mclass[39m=[32
m"block px-5 py-2.5 
text-sm 
text-gray-600 
hover:bg-gray-50 hove
r:text-brand-orange t
ransition-colors"[39
m
                     
 [33mdata-discover[
39m=[32m"true"[39m
                     
 [33mhref[39m=[32m
"/collections/undefin
ed"[39m
                    
[36m>[39m
                     
 [0mHoodies 
"Once/Always a DAUST 
innovator" [0m
                    
[36m</a>[39m
                    
[36m<a[39m
                     
 [33mclass[39m=[32
m"block px-5 py-2.5 
text-sm 
text-gray-600 
hover:bg-gray-50 hove
r:text-brand-orange t
ransition-colors"[39
m
                     
 [33mdata-disc...
[90m [2mΓ¥»[22m Ob
ject.getElementError 
node_modules/@testing
-library/dom/dist/con
fig.js:[2m37:19[22m
[39m
[90m [2mΓ¥»[22m no
de_modules/@testing-l
ibrary/dom/dist/query
-helpers.js:[2m76:38
[22m[39m
[90m [2mΓ¥»[22m no
de_modules/@testing-l
ibrary/dom/dist/query
-helpers.js:[2m52:17
[22m[39m
[90m [2mΓ¥»[22m no
de_modules/@testing-l
ibrary/dom/dist/query
-helpers.js:[2m95:19
[22m[39m
[36m [2mΓ¥»[22m sr
c/test/integration/ca
rt.test.jsx:[2m35:23
[22m[39m
    [90m 33| [39m
    [90m 34| [39m  
      [90m// Verify 
we are on the Shop 
page[39m
    [90m 35| [39m  
      expect(screen.g
etByText(/showing 
all products/i)).toBe
InTheDocΓÇª
    [90m   | [39m  
                    
[31m^[39m
    [90m 36| [39m
    [90m 37| [39m  
      [90m// Find a 
product and click 
Quick Add[39m

[31m[2mΓÄ»ΓÄ»ΓÄ»ΓÄ»
ΓÄ»ΓÄ»ΓÄ»ΓÄ»ΓÄ»ΓÄ»ΓÄ»
ΓÄ»ΓÄ»ΓÄ»ΓÄ»ΓÄ»ΓÄ»ΓÄ»
ΓÄ»ΓÄ»ΓÄ»ΓÄ»ΓÄ»ΓÄ»[2/
2]ΓÄ»[22m[39m

